// Jest Snapshot v1, https://goo.gl/fbAQLP

exports[`MovieDetailsPage renders correctly 1`] = `
<section
  className="movieDetailsPage"
>
  <div
    className="info"
  >
    <MovieDetailsInfo
      info={
        Object {
          "duration": "1h 46m",
          "genres": Array [
            "Adventure",
            "Drama",
            "Family",
            "Fantasy",
          ],
          "title": "The Jungle Book",
        }
      }
    />
    <MovieDetailsDescription
      description="There are growing dangers in the wizarding world of 1926 New York.  
                Something mysterious is leaving a path of destruction in the streets, 
                threatening to expose the wizarding"
    />
  </div>
  <div
    className="info"
  >
    <MovieDetailsRating
      rating="4.8"
    />
    <MovieDetailsButtons />
  </div>
</section>
`;
