// Jest Snapshot v1, https://goo.gl/fbAQLP

exports[`MovieDetailsInfo renders correctly 1`] = `
<div
  className="container"
>
  <h2
    className="title"
  >
    title
  </h2>
  <div
    className="about"
  >
    <p
      className="genres"
    >
      1, 2, 3
    </p>
    <span
      className="duration"
    >
      1h
    </span>
  </div>
</div>
`;
