// Jest Snapshot v1, https://goo.gl/fbAQLP

exports[`MovieDetailsRating renders correctly 1`] = `
<div
  className="movieDetailsRating"
>
  <span
    className="blueStar"
  >
    ★
  </span>
  <span
    className="blueStar"
  >
    ★
  </span>
  <span
    className="blueStar"
  >
    ★
  </span>
  <span
    className="blueStar"
  >
    ☆
  </span>
  <span
    className="blueStar"
  >
    ☆
  </span>
  <span
    className="rating"
  >
    3
  </span>
</div>
`;
